[09:08:10] [main/INFO] [GradleStart]: Extra: []
[09:08:10] [main/INFO] [GradleStart]: Running with arguments: [--userProperties, {}, --assetsDir, C:/Users/Evie Radford/.gradle/caches/minecraft/assets, --assetIndex, 1.7.10, --accessToken, {REDACTED}, --version, 1.7.10, --tweakClass, cpw.mods.fml.common.launcher.FMLTweaker, --tweakClass, net.minecraftforge.gradle.tweakers.CoremodTweaker]
[09:08:10] [main/INFO] [LaunchWrapper]: Loading tweak class name cpw.mods.fml.common.launcher.FMLTweaker
[09:08:10] [main/INFO] [LaunchWrapper]: Using primary tweak class name cpw.mods.fml.common.launcher.FMLTweaker
[09:08:10] [main/INFO] [LaunchWrapper]: Loading tweak class name net.minecraftforge.gradle.tweakers.CoremodTweaker
[09:08:10] [main/INFO] [LaunchWrapper]: Calling tweak class cpw.mods.fml.common.launcher.FMLTweaker
[14:49:00] [main/INFO] [GradleStart]: username: Mighty_S0715
[14:49:00] [main/INFO] [GradleStart]: Extra: [--uuid, ab5c8691-3621-4d21-93c6-cf2e253eac00]
[14:49:01] [main/INFO] [GradleStart]: Running with arguments: [--userProperties, {}, --assetsDir, C:/Users/wwwjb/.gradle/caches/minecraft/assets, --assetIndex, 1.7.10, --accessToken, {REDACTED}, --version, 1.7.10, --username, Mighty_S0715, --tweakClass, cpw.mods.fml.common.launcher.FMLTweaker, --uuid, ab5c8691-3621-4d21-93c6-cf2e253eac00, --tweakClass, net.minecraftforge.gradle.tweakers.CoremodTweaker]
[14:49:01] [main/INFO] [LaunchWrapper]: Loading tweak class name cpw.mods.fml.common.launcher.FMLTweaker
[14:49:01] [main/INFO] [LaunchWrapper]: Using primary tweak class name cpw.mods.fml.common.launcher.FMLTweaker
[14:49:01] [main/INFO] [LaunchWrapper]: Loading tweak class name net.minecraftforge.gradle.tweakers.CoremodTweaker
[14:49:01] [main/INFO] [LaunchWrapper]: Calling tweak class cpw.mods.fml.common.launcher.FMLTweaker
[09:18:02] [main/INFO] [GradleStart]: username: Mighty_S0715
[09:18:02] [main/INFO] [GradleStart]: Extra: [--uuid, ab5c8691-3621-4d21-93c6-cf2e253eac00]
[09:18:02] [main/INFO] [GradleStart]: Running with arguments: [--userProperties, {}, --assetsDir, C:/Users/wwwjb/.gradle/caches/minecraft/assets, --assetIndex, 1.7.10, --accessToken, {REDACTED}, --version, 1.7.10, --username, Mighty_S0715, --tweakClass, cpw.mods.fml.common.launcher.FMLTweaker, --uuid, ab5c8691-3621-4d21-93c6-cf2e253eac00, --tweakClass, net.minecraftforge.gradle.tweakers.CoremodTweaker]
[09:18:02] [main/INFO] [LaunchWrapper]: Loading tweak class name cpw.mods.fml.common.launcher.FMLTweaker
[09:18:02] [main/INFO] [LaunchWrapper]: Using primary tweak class name cpw.mods.fml.common.launcher.FMLTweaker
[09:18:02] [main/INFO] [LaunchWrapper]: Loading tweak class name net.minecraftforge.gradle.tweakers.CoremodTweaker
[09:18:02] [main/INFO] [LaunchWrapper]: Calling tweak class cpw.mods.fml.common.launcher.FMLTweaker
[09:56:46] [main/INFO] [GradleStart]: username: Mighty_S0715
[09:56:46] [main/INFO] [GradleStart]: Extra: [--uuid, ab5c8691-3621-4d21-93c6-cf2e253eac00]
[09:56:46] [main/INFO] [GradleStart]: Running with arguments: [--userProperties, {}, --assetsDir, C:/Users/wwwjb/.gradle/caches/minecraft/assets, --assetIndex, 1.7.10, --accessToken, {REDACTED}, --version, 1.7.10, --username, Mighty_S0715, --tweakClass, cpw.mods.fml.common.launcher.FMLTweaker, --uuid, ab5c8691-3621-4d21-93c6-cf2e253eac00, --tweakClass, net.minecraftforge.gradle.tweakers.CoremodTweaker]
[09:56:46] [main/INFO] [LaunchWrapper]: Loading tweak class name cpw.mods.fml.common.launcher.FMLTweaker
[09:56:46] [main/INFO] [LaunchWrapper]: Using primary tweak class name cpw.mods.fml.common.launcher.FMLTweaker
[09:56:46] [main/INFO] [LaunchWrapper]: Loading tweak class name net.minecraftforge.gradle.tweakers.CoremodTweaker
[09:56:46] [main/INFO] [LaunchWrapper]: Calling tweak class cpw.mods.fml.common.launcher.FMLTweaker
[10:04:50] [main/INFO] [GradleStart]: username: Mighty_S0715
[10:04:50] [main/INFO] [GradleStart]: Extra: [--uuid, ab5c8691-3621-4d21-93c6-cf2e253eac00]
[10:04:50] [main/INFO] [GradleStart]: Running with arguments: [--userProperties, {}, --assetsDir, C:/Users/wwwjb/.gradle/caches/minecraft/assets, --assetIndex, 1.7.10, --accessToken, {REDACTED}, --version, 1.7.10, --username, Mighty_S0715, --tweakClass, cpw.mods.fml.common.launcher.FMLTweaker, --uuid, ab5c8691-3621-4d21-93c6-cf2e253eac00, --tweakClass, net.minecraftforge.gradle.tweakers.CoremodTweaker]
[10:04:51] [main/INFO] [LaunchWrapper]: Loading tweak class name cpw.mods.fml.common.launcher.FMLTweaker
[10:04:51] [main/INFO] [LaunchWrapper]: Using primary tweak class name cpw.mods.fml.common.launcher.FMLTweaker
[10:04:51] [main/INFO] [LaunchWrapper]: Loading tweak class name net.minecraftforge.gradle.tweakers.CoremodTweaker
[10:04:51] [main/INFO] [LaunchWrapper]: Calling tweak class cpw.mods.fml.common.launcher.FMLTweaker
[10:16:15] [main/INFO] [GradleStart]: username: Mighty_S0715
[10:16:15] [main/INFO] [GradleStart]: Extra: [--uuid, ab5c8691-3621-4d21-93c6-cf2e253eac00]
[10:16:15] [main/INFO] [GradleStart]: Running with arguments: [--userProperties, {}, --assetsDir, C:/Users/wwwjb/.gradle/caches/minecraft/assets, --assetIndex, 1.7.10, --accessToken, {REDACTED}, --version, 1.7.10, --username, Mighty_S0715, --tweakClass, cpw.mods.fml.common.launcher.FMLTweaker, --uuid, ab5c8691-3621-4d21-93c6-cf2e253eac00, --tweakClass, net.minecraftforge.gradle.tweakers.CoremodTweaker]
[10:16:15] [main/INFO] [LaunchWrapper]: Loading tweak class name cpw.mods.fml.common.launcher.FMLTweaker
[10:16:15] [main/INFO] [LaunchWrapper]: Using primary tweak class name cpw.mods.fml.common.launcher.FMLTweaker
[10:16:15] [main/INFO] [LaunchWrapper]: Loading tweak class name net.minecraftforge.gradle.tweakers.CoremodTweaker
[10:16:15] [main/INFO] [LaunchWrapper]: Calling tweak class cpw.mods.fml.common.launcher.FMLTweaker
[10:24:38] [main/INFO] [GradleStart]: username: Mighty_S0715
[10:24:38] [main/INFO] [GradleStart]: Extra: [--uuid, ab5c8691-3621-4d21-93c6-cf2e253eac00]
[10:24:38] [main/INFO] [GradleStart]: Running with arguments: [--userProperties, {}, --assetsDir, C:/Users/wwwjb/.gradle/caches/minecraft/assets, --assetIndex, 1.7.10, --accessToken, {REDACTED}, --version, 1.7.10, --username, Mighty_S0715, --tweakClass, cpw.mods.fml.common.launcher.FMLTweaker, --uuid, ab5c8691-3621-4d21-93c6-cf2e253eac00, --tweakClass, net.minecraftforge.gradle.tweakers.CoremodTweaker]
[10:24:38] [main/INFO] [LaunchWrapper]: Loading tweak class name cpw.mods.fml.common.launcher.FMLTweaker
[10:24:38] [main/INFO] [LaunchWrapper]: Using primary tweak class name cpw.mods.fml.common.launcher.FMLTweaker
[10:24:38] [main/INFO] [LaunchWrapper]: Loading tweak class name net.minecraftforge.gradle.tweakers.CoremodTweaker
[10:24:38] [main/INFO] [LaunchWrapper]: Calling tweak class cpw.mods.fml.common.launcher.FMLTweaker
[10:28:35] [main/INFO] [GradleStart]: username: Mighty_S0715
[10:28:35] [main/INFO] [GradleStart]: Extra: [--uuid, ab5c8691-3621-4d21-93c6-cf2e253eac00]
[10:28:35] [main/INFO] [GradleStart]: Running with arguments: [--userProperties, {}, --assetsDir, C:/Users/wwwjb/.gradle/caches/minecraft/assets, --assetIndex, 1.7.10, --accessToken, {REDACTED}, --version, 1.7.10, --username, Mighty_S0715, --tweakClass, cpw.mods.fml.common.launcher.FMLTweaker, --uuid, ab5c8691-3621-4d21-93c6-cf2e253eac00, --tweakClass, net.minecraftforge.gradle.tweakers.CoremodTweaker]
[10:28:35] [main/INFO] [LaunchWrapper]: Loading tweak class name cpw.mods.fml.common.launcher.FMLTweaker
[10:28:35] [main/INFO] [LaunchWrapper]: Using primary tweak class name cpw.mods.fml.common.launcher.FMLTweaker
[10:28:35] [main/INFO] [LaunchWrapper]: Loading tweak class name net.minecraftforge.gradle.tweakers.CoremodTweaker
[10:28:35] [main/INFO] [LaunchWrapper]: Calling tweak class cpw.mods.fml.common.launcher.FMLTweaker
[10:35:13] [main/INFO] [GradleStart]: username: Mighty_S0715
[10:35:13] [main/INFO] [GradleStart]: Extra: [--uuid, ab5c8691-3621-4d21-93c6-cf2e253eac00]
[10:35:13] [main/INFO] [GradleStart]: Running with arguments: [--userProperties, {}, --assetsDir, C:/Users/wwwjb/.gradle/caches/minecraft/assets, --assetIndex, 1.7.10, --accessToken, {REDACTED}, --version, 1.7.10, --username, Mighty_S0715, --tweakClass, cpw.mods.fml.common.launcher.FMLTweaker, --uuid, ab5c8691-3621-4d21-93c6-cf2e253eac00, --tweakClass, net.minecraftforge.gradle.tweakers.CoremodTweaker]
[10:35:13] [main/INFO] [LaunchWrapper]: Loading tweak class name cpw.mods.fml.common.launcher.FMLTweaker
[10:35:13] [main/INFO] [LaunchWrapper]: Using primary tweak class name cpw.mods.fml.common.launcher.FMLTweaker
[10:35:13] [main/INFO] [LaunchWrapper]: Loading tweak class name net.minecraftforge.gradle.tweakers.CoremodTweaker
[10:35:13] [main/INFO] [LaunchWrapper]: Calling tweak class cpw.mods.fml.common.launcher.FMLTweaker
